<?xml version="1.0" encoding="ISO-8859-1" ?>
<link_info>
   <banner>TI ARM Linker Unix v20.2.7.LTS</banner>
   <copyright>Copyright (c) 1996-2018 Texas Instruments Incorporated</copyright>
   <link_time>0x63e16840</link_time>
   <link_errors>0x0</link_errors>
   <output_file>IOT_lab1.out</output_file>
   <entry_point>
      <name>_c_int00_noargs</name>
      <address>0x3de1</address>
   </entry_point>
   <input_file_list>
      <input_file id="fl-1">
         <path>./</path>
         <kind>object</kind>
         <file>clock.obj</file>
         <name>clock.obj</name>
      </input_file>
      <input_file id="fl-2">
         <path>./</path>
         <kind>object</kind>
         <file>eth0.obj</file>
         <name>eth0.obj</name>
      </input_file>
      <input_file id="fl-3">
         <path>./</path>
         <kind>object</kind>
         <file>ethernet.obj</file>
         <name>ethernet.obj</name>
      </input_file>
      <input_file id="fl-4">
         <path>./</path>
         <kind>object</kind>
         <file>gpio.obj</file>
         <name>gpio.obj</name>
      </input_file>
      <input_file id="fl-5">
         <path>./</path>
         <kind>object</kind>
         <file>spi0.obj</file>
         <name>spi0.obj</name>
      </input_file>
      <input_file id="fl-6">
         <path>./</path>
         <kind>object</kind>
         <file>tm4c123gh6pm_startup_ccs.obj</file>
         <name>tm4c123gh6pm_startup_ccs.obj</name>
      </input_file>
      <input_file id="fl-7">
         <path>./</path>
         <kind>object</kind>
         <file>uart0.obj</file>
         <name>uart0.obj</name>
      </input_file>
      <input_file id="fl-8">
         <path>./</path>
         <kind>object</kind>
         <file>wait.obj</file>
         <name>wait.obj</name>
      </input_file>
      <input_file id="fl-c">
         <kind>object</kind>
         <file>&lt;internal&gt;</file>
         <name>&lt;internal&gt;</name>
      </input_file>
      <input_file id="fl-c2">
         <path>/home/sadhan/ti/ccs1210/ccs/tools/compiler/ti-cgt-arm_20.2.7.LTS/lib/</path>
         <kind>archive</kind>
         <file>rtsv7M4_T_le_v4SPD16_eabi.lib</file>
         <name>sprintf.c.obj</name>
      </input_file>
      <input_file id="fl-c3">
         <path>/home/sadhan/ti/ccs1210/ccs/tools/compiler/ti-cgt-arm_20.2.7.LTS/lib/</path>
         <kind>archive</kind>
         <file>rtsv7M4_T_le_v4SPD16_eabi.lib</file>
         <name>memcpy_t2.asm.obj</name>
      </input_file>
      <input_file id="fl-c4">
         <path>/home/sadhan/ti/ccs1210/ccs/tools/compiler/ti-cgt-arm_20.2.7.LTS/lib/</path>
         <kind>archive</kind>
         <file>rtsv7M4_T_le_v4SPD16_eabi.lib</file>
         <name>copy_zero_init.c.obj</name>
      </input_file>
      <input_file id="fl-c5">
         <path>/home/sadhan/ti/ccs1210/ccs/tools/compiler/ti-cgt-arm_20.2.7.LTS/lib/</path>
         <kind>archive</kind>
         <file>rtsv7M4_T_le_v4SPD16_eabi.lib</file>
         <name>copy_decompress_none.c.obj</name>
      </input_file>
      <input_file id="fl-c6">
         <path>/home/sadhan/ti/ccs1210/ccs/tools/compiler/ti-cgt-arm_20.2.7.LTS/lib/</path>
         <kind>archive</kind>
         <file>rtsv7M4_T_le_v4SPD16_eabi.lib</file>
         <name>copy_decompress_lzss.c.obj</name>
      </input_file>
      <input_file id="fl-c7">
         <path>/home/sadhan/ti/ccs1210/ccs/tools/compiler/ti-cgt-arm_20.2.7.LTS/lib/</path>
         <kind>archive</kind>
         <file>rtsv7M4_T_le_v4SPD16_eabi.lib</file>
         <name>strcmp.c.obj</name>
      </input_file>
      <input_file id="fl-c8">
         <path>/home/sadhan/ti/ccs1210/ccs/tools/compiler/ti-cgt-arm_20.2.7.LTS/lib/</path>
         <kind>archive</kind>
         <file>rtsv7M4_T_le_v4SPD16_eabi.lib</file>
         <name>boot_cortex_m.c.obj</name>
      </input_file>
      <input_file id="fl-c9">
         <path>/home/sadhan/ti/ccs1210/ccs/tools/compiler/ti-cgt-arm_20.2.7.LTS/lib/</path>
         <kind>archive</kind>
         <file>rtsv7M4_T_le_v4SPD16_eabi.lib</file>
         <name>_printfi.c.obj</name>
      </input_file>
      <input_file id="fl-ca">
         <path>/home/sadhan/ti/ccs1210/ccs/tools/compiler/ti-cgt-arm_20.2.7.LTS/lib/</path>
         <kind>archive</kind>
         <file>rtsv7M4_T_le_v4SPD16_eabi.lib</file>
         <name>fd_add_t2.asm.obj</name>
      </input_file>
      <input_file id="fl-cb">
         <path>/home/sadhan/ti/ccs1210/ccs/tools/compiler/ti-cgt-arm_20.2.7.LTS/lib/</path>
         <kind>archive</kind>
         <file>rtsv7M4_T_le_v4SPD16_eabi.lib</file>
         <name>fd_cmp_t2.asm.obj</name>
      </input_file>
      <input_file id="fl-cc">
         <path>/home/sadhan/ti/ccs1210/ccs/tools/compiler/ti-cgt-arm_20.2.7.LTS/lib/</path>
         <kind>archive</kind>
         <file>rtsv7M4_T_le_v4SPD16_eabi.lib</file>
         <name>fd_div_t2.asm.obj</name>
      </input_file>
      <input_file id="fl-cd">
         <path>/home/sadhan/ti/ccs1210/ccs/tools/compiler/ti-cgt-arm_20.2.7.LTS/lib/</path>
         <kind>archive</kind>
         <file>rtsv7M4_T_le_v4SPD16_eabi.lib</file>
         <name>fd_mul_t2.asm.obj</name>
      </input_file>
      <input_file id="fl-ce">
         <path>/home/sadhan/ti/ccs1210/ccs/tools/compiler/ti-cgt-arm_20.2.7.LTS/lib/</path>
         <kind>archive</kind>
         <file>rtsv7M4_T_le_v4SPD16_eabi.lib</file>
         <name>fd_toi_t2.asm.obj</name>
      </input_file>
      <input_file id="fl-cf">
         <path>/home/sadhan/ti/ccs1210/ccs/tools/compiler/ti-cgt-arm_20.2.7.LTS/lib/</path>
         <kind>archive</kind>
         <file>rtsv7M4_T_le_v4SPD16_eabi.lib</file>
         <name>i_tofd_t2.asm.obj</name>
      </input_file>
      <input_file id="fl-d0">
         <path>/home/sadhan/ti/ccs1210/ccs/tools/compiler/ti-cgt-arm_20.2.7.LTS/lib/</path>
         <kind>archive</kind>
         <file>rtsv7M4_T_le_v4SPD16_eabi.lib</file>
         <name>memset_t2.asm.obj</name>
      </input_file>
      <input_file id="fl-d1">
         <path>/home/sadhan/ti/ccs1210/ccs/tools/compiler/ti-cgt-arm_20.2.7.LTS/lib/</path>
         <kind>archive</kind>
         <file>rtsv7M4_T_le_v4SPD16_eabi.lib</file>
         <name>ull_div_t2.asm.obj</name>
      </input_file>
      <input_file id="fl-d2">
         <path>/home/sadhan/ti/ccs1210/ccs/tools/compiler/ti-cgt-arm_20.2.7.LTS/lib/</path>
         <kind>archive</kind>
         <file>rtsv7M4_T_le_v4SPD16_eabi.lib</file>
         <name>autoinit.c.obj</name>
      </input_file>
      <input_file id="fl-d3">
         <path>/home/sadhan/ti/ccs1210/ccs/tools/compiler/ti-cgt-arm_20.2.7.LTS/lib/</path>
         <kind>archive</kind>
         <file>rtsv7M4_T_le_v4SPD16_eabi.lib</file>
         <name>pre_init.c.obj</name>
      </input_file>
      <input_file id="fl-d4">
         <path>/home/sadhan/ti/ccs1210/ccs/tools/compiler/ti-cgt-arm_20.2.7.LTS/lib/</path>
         <kind>archive</kind>
         <file>rtsv7M4_T_le_v4SPD16_eabi.lib</file>
         <name>cpy_tbl.c.obj</name>
      </input_file>
      <input_file id="fl-d5">
         <path>/home/sadhan/ti/ccs1210/ccs/tools/compiler/ti-cgt-arm_20.2.7.LTS/lib/</path>
         <kind>archive</kind>
         <file>rtsv7M4_T_le_v4SPD16_eabi.lib</file>
         <name>exit.c.obj</name>
      </input_file>
      <input_file id="fl-d6">
         <path>/home/sadhan/ti/ccs1210/ccs/tools/compiler/ti-cgt-arm_20.2.7.LTS/lib/</path>
         <kind>archive</kind>
         <file>rtsv7M4_T_le_v4SPD16_eabi.lib</file>
         <name>_lock.c.obj</name>
      </input_file>
      <input_file id="fl-d7">
         <path>/home/sadhan/ti/ccs1210/ccs/tools/compiler/ti-cgt-arm_20.2.7.LTS/lib/</path>
         <kind>archive</kind>
         <file>rtsv7M4_T_le_v4SPD16_eabi.lib</file>
         <name>_ltoa.c.obj</name>
      </input_file>
      <input_file id="fl-d8">
         <path>/home/sadhan/ti/ccs1210/ccs/tools/compiler/ti-cgt-arm_20.2.7.LTS/lib/</path>
         <kind>archive</kind>
         <file>rtsv7M4_T_le_v4SPD16_eabi.lib</file>
         <name>args_main.c.obj</name>
      </input_file>
      <input_file id="fl-d9">
         <path>/home/sadhan/ti/ccs1210/ccs/tools/compiler/ti-cgt-arm_20.2.7.LTS/lib/</path>
         <kind>archive</kind>
         <file>rtsv7M4_T_le_v4SPD16_eabi.lib</file>
         <name>atoi.c.obj</name>
      </input_file>
      <input_file id="fl-da">
         <path>/home/sadhan/ti/ccs1210/ccs/tools/compiler/ti-cgt-arm_20.2.7.LTS/lib/</path>
         <kind>archive</kind>
         <file>rtsv7M4_T_le_v4SPD16_eabi.lib</file>
         <name>ctype.c.obj</name>
      </input_file>
      <input_file id="fl-db">
         <path>/home/sadhan/ti/ccs1210/ccs/tools/compiler/ti-cgt-arm_20.2.7.LTS/lib/</path>
         <kind>archive</kind>
         <file>rtsv7M4_T_le_v4SPD16_eabi.lib</file>
         <name>memccpy.c.obj</name>
      </input_file>
      <input_file id="fl-dc">
         <path>/home/sadhan/ti/ccs1210/ccs/tools/compiler/ti-cgt-arm_20.2.7.LTS/lib/</path>
         <kind>archive</kind>
         <file>rtsv7M4_T_le_v4SPD16_eabi.lib</file>
         <name>strchr.c.obj</name>
      </input_file>
      <input_file id="fl-dd">
         <path>/home/sadhan/ti/ccs1210/ccs/tools/compiler/ti-cgt-arm_20.2.7.LTS/lib/</path>
         <kind>archive</kind>
         <file>rtsv7M4_T_le_v4SPD16_eabi.lib</file>
         <name>strlen.c.obj</name>
      </input_file>
      <input_file id="fl-de">
         <path>/home/sadhan/ti/ccs1210/ccs/tools/compiler/ti-cgt-arm_20.2.7.LTS/lib/</path>
         <kind>archive</kind>
         <file>rtsv7M4_T_le_v4SPD16_eabi.lib</file>
         <name>errno.c.obj</name>
      </input_file>
      <input_file id="fl-df">
         <path>/home/sadhan/ti/ccs1210/ccs/tools/compiler/ti-cgt-arm_20.2.7.LTS/lib/</path>
         <kind>archive</kind>
         <file>rtsv7M4_T_le_v4SPD16_eabi.lib</file>
         <name>wcslen.c.obj</name>
      </input_file>
      <input_file id="fl-e0">
         <path>/home/sadhan/ti/ccs1210/ccs/tools/compiler/ti-cgt-arm_20.2.7.LTS/lib/</path>
         <kind>archive</kind>
         <file>rtsv7M4_T_le_v4SPD16_eabi.lib</file>
         <name>s_frexp.c.obj</name>
      </input_file>
      <input_file id="fl-e1">
         <path>/home/sadhan/ti/ccs1210/ccs/tools/compiler/ti-cgt-arm_20.2.7.LTS/lib/</path>
         <kind>archive</kind>
         <file>rtsv7M4_T_le_v4SPD16_eabi.lib</file>
         <name>s_scalbn.c.obj</name>
      </input_file>
      <input_file id="fl-e2">
         <path>/home/sadhan/ti/ccs1210/ccs/tools/compiler/ti-cgt-arm_20.2.7.LTS/lib/</path>
         <kind>archive</kind>
         <file>rtsv7M4_T_le_v4SPD16_eabi.lib</file>
         <name>div0.asm.obj</name>
      </input_file>
      <input_file id="fl-e3">
         <path>/home/sadhan/ti/ccs1210/ccs/tools/compiler/ti-cgt-arm_20.2.7.LTS/lib/</path>
         <kind>archive</kind>
         <file>rtsv7M4_T_le_v4SPD16_eabi.lib</file>
         <name>s_copysign.c.obj</name>
      </input_file>
   </input_file_list>
   <object_component_list>
      <object_component id="oc-12">
         <name>.intvecs</name>
         <load_address>0x0</load_address>
         <run_address>0x0</run_address>
         <size>0x26c</size>
         <input_file_ref idref="fl-6"/>
      </object_component>
      <object_component id="oc-cf">
         <name>.text</name>
         <load_address>0x26c</load_address>
         <run_address>0x26c</run_address>
         <size>0x10c4</size>
         <input_file_ref idref="fl-2"/>
      </object_component>
      <object_component id="oc-155">
         <name>.text:__TI_printfi</name>
         <load_address>0x1330</load_address>
         <run_address>0x1330</run_address>
         <size>0xa4e</size>
         <input_file_ref idref="fl-c9"/>
      </object_component>
      <object_component id="oc-2b7">
         <name>.text</name>
         <load_address>0x1d7e</load_address>
         <run_address>0x1d7e</run_address>
         <size>0x2</size>
         <input_file_ref idref="fl-e2"/>
      </object_component>
      <object_component id="oc-c9">
         <name>.text</name>
         <load_address>0x1d80</load_address>
         <run_address>0x1d80</run_address>
         <size>0x7c0</size>
         <input_file_ref idref="fl-4"/>
      </object_component>
      <object_component id="oc-9b">
         <name>.text</name>
         <load_address>0x2540</load_address>
         <run_address>0x2540</run_address>
         <size>0x388</size>
         <input_file_ref idref="fl-3"/>
      </object_component>
      <object_component id="oc-1d7">
         <name>.text:_pconv_a</name>
         <load_address>0x28c8</load_address>
         <run_address>0x28c8</run_address>
         <size>0x270</size>
         <input_file_ref idref="fl-c9"/>
      </object_component>
      <object_component id="oc-1c5">
         <name>.text:_pconv_g</name>
         <load_address>0x2b38</load_address>
         <run_address>0x2b38</run_address>
         <size>0x1d0</size>
         <input_file_ref idref="fl-c9"/>
      </object_component>
      <object_component id="oc-24f">
         <name>.text</name>
         <load_address>0x2d08</load_address>
         <run_address>0x2d08</run_address>
         <size>0x1b6</size>
         <input_file_ref idref="fl-ca"/>
      </object_component>
      <object_component id="oc-13c">
         <name>.text</name>
         <load_address>0x2ec0</load_address>
         <run_address>0x2ec0</run_address>
         <size>0x160</size>
         <input_file_ref idref="fl-5"/>
      </object_component>
      <object_component id="oc-1d1">
         <name>.text:_pconv_e</name>
         <load_address>0x3020</load_address>
         <run_address>0x3020</run_address>
         <size>0x13c</size>
         <input_file_ref idref="fl-c9"/>
      </object_component>
      <object_component id="oc-235">
         <name>.text</name>
         <load_address>0x315c</load_address>
         <run_address>0x315c</run_address>
         <size>0x136</size>
         <input_file_ref idref="fl-cc"/>
      </object_component>
      <object_component id="oc-261">
         <name>.text:fcvt</name>
         <load_address>0x3294</load_address>
         <run_address>0x3294</run_address>
         <size>0x124</size>
         <input_file_ref idref="fl-c9"/>
      </object_component>
      <object_component id="oc-d5">
         <name>.text</name>
         <load_address>0x33b8</load_address>
         <run_address>0x33b8</run_address>
         <size>0x124</size>
         <input_file_ref idref="fl-7"/>
      </object_component>
      <object_component id="oc-275">
         <name>.text:scalbn</name>
         <load_address>0x34dc</load_address>
         <run_address>0x34dc</run_address>
         <size>0x110</size>
         <input_file_ref idref="fl-e1"/>
      </object_component>
      <object_component id="oc-230">
         <name>.text</name>
         <load_address>0x35ec</load_address>
         <run_address>0x35ec</run_address>
         <size>0xfc</size>
         <input_file_ref idref="fl-cd"/>
      </object_component>
      <object_component id="oc-1ba">
         <name>.text:_ltostr</name>
         <load_address>0x36e8</load_address>
         <run_address>0x36e8</run_address>
         <size>0xb1</size>
         <input_file_ref idref="fl-c9"/>
      </object_component>
      <object_component id="oc-3b">
         <name>.text</name>
         <load_address>0x379a</load_address>
         <run_address>0x379a</run_address>
         <size>0x9c</size>
         <input_file_ref idref="fl-c3"/>
      </object_component>
      <object_component id="oc-229">
         <name>.text</name>
         <load_address>0x3836</load_address>
         <run_address>0x3836</run_address>
         <size>0x96</size>
         <input_file_ref idref="fl-d1"/>
      </object_component>
      <object_component id="oc-1c0">
         <name>.text:__aeabi_cdcmple</name>
         <load_address>0x38cc</load_address>
         <run_address>0x38cc</run_address>
         <size>0x86</size>
         <input_file_ref idref="fl-cb"/>
      </object_component>
      <object_component id="oc-23a">
         <name>.text:__aeabi_cdrcmple</name>
         <load_address>0x3952</load_address>
         <run_address>0x3952</run_address>
         <size>0x86</size>
         <input_file_ref idref="fl-cb"/>
      </object_component>
      <object_component id="oc-8f">
         <name>.text</name>
         <load_address>0x39d8</load_address>
         <run_address>0x39d8</run_address>
         <size>0x7a</size>
         <input_file_ref idref="fl-d0"/>
      </object_component>
      <object_component id="oc-25a">
         <name>.text:_mcpy</name>
         <load_address>0x3a52</load_address>
         <run_address>0x3a52</run_address>
         <size>0x6e</size>
         <input_file_ref idref="fl-c9"/>
      </object_component>
      <object_component id="oc-15">
         <name>.text:decompress:lzss:__TI_decompress_lzss</name>
         <load_address>0x3ac0</load_address>
         <run_address>0x3ac0</run_address>
         <size>0x68</size>
         <input_file_ref idref="fl-c6"/>
      </object_component>
      <object_component id="oc-26f">
         <name>.text:frexp</name>
         <load_address>0x3b28</load_address>
         <run_address>0x3b28</run_address>
         <size>0x64</size>
         <input_file_ref idref="fl-e0"/>
      </object_component>
      <object_component id="oc-1cb">
         <name>.text:_pconv_f</name>
         <load_address>0x3b8c</load_address>
         <run_address>0x3b8c</run_address>
         <size>0x56</size>
         <input_file_ref idref="fl-c9"/>
      </object_component>
      <object_component id="oc-244">
         <name>.text:__TI_ltoa</name>
         <load_address>0x3be2</load_address>
         <run_address>0x3be2</run_address>
         <size>0x54</size>
         <input_file_ref idref="fl-d7"/>
      </object_component>
      <object_component id="oc-254">
         <name>.text:_ecpy</name>
         <load_address>0x3c36</load_address>
         <run_address>0x3c36</run_address>
         <size>0x52</size>
         <input_file_ref idref="fl-c9"/>
      </object_component>
      <object_component id="oc-1b4">
         <name>.text:atoi</name>
         <load_address>0x3c88</load_address>
         <run_address>0x3c88</run_address>
         <size>0x4c</size>
         <input_file_ref idref="fl-d9"/>
      </object_component>
      <object_component id="oc-23f">
         <name>.text</name>
         <load_address>0x3cd4</load_address>
         <run_address>0x3cd4</run_address>
         <size>0x48</size>
         <input_file_ref idref="fl-ce"/>
      </object_component>
      <object_component id="oc-100">
         <name>.text:__TI_auto_init_nobinit_nopinit:__TI_auto_init_nobinit_nopinit</name>
         <load_address>0x3d1c</load_address>
         <run_address>0x3d1c</run_address>
         <size>0x44</size>
         <input_file_ref idref="fl-d2"/>
      </object_component>
      <object_component id="oc-db">
         <name>.text:sprintf</name>
         <load_address>0x3d60</load_address>
         <run_address>0x3d60</run_address>
         <size>0x40</size>
         <input_file_ref idref="fl-c2"/>
      </object_component>
      <object_component id="oc-267">
         <name>.text:_fcpy</name>
         <load_address>0x3da0</load_address>
         <run_address>0x3da0</run_address>
         <size>0x3e</size>
         <input_file_ref idref="fl-c9"/>
      </object_component>
      <object_component id="oc-59">
         <name>.text:_c_int00_noargs:_c_int00_noargs</name>
         <load_address>0x3de0</load_address>
         <run_address>0x3de0</run_address>
         <size>0x34</size>
         <input_file_ref idref="fl-c8"/>
      </object_component>
      <object_component id="oc-24a">
         <name>.text</name>
         <load_address>0x3e14</load_address>
         <run_address>0x3e14</run_address>
         <size>0x2e</size>
         <input_file_ref idref="fl-cf"/>
      </object_component>
      <object_component id="oc-e1">
         <name>.text</name>
         <load_address>0x3e42</load_address>
         <run_address>0x3e42</run_address>
         <size>0x24</size>
         <input_file_ref idref="fl-8"/>
      </object_component>
      <object_component id="oc-1dd">
         <name>.text:memccpy</name>
         <load_address>0x3e66</load_address>
         <run_address>0x3e66</run_address>
         <size>0x1c</size>
         <input_file_ref idref="fl-db"/>
      </object_component>
      <object_component id="oc-2d0">
         <name>.text:copysign</name>
         <load_address>0x3e82</load_address>
         <run_address>0x3e82</run_address>
         <size>0x1a</size>
         <input_file_ref idref="fl-e3"/>
      </object_component>
      <object_component id="oc-15b">
         <name>.text:_outs</name>
         <load_address>0x3e9c</load_address>
         <run_address>0x3e9c</run_address>
         <size>0x18</size>
         <input_file_ref idref="fl-c2"/>
      </object_component>
      <object_component id="oc-e7">
         <name>.text:strcmp</name>
         <load_address>0x3eb4</load_address>
         <run_address>0x3eb4</run_address>
         <size>0x18</size>
         <input_file_ref idref="fl-c7"/>
      </object_component>
      <object_component id="oc-27b">
         <name>.text:strchr</name>
         <load_address>0x3ecc</load_address>
         <run_address>0x3ecc</run_address>
         <size>0x16</size>
         <input_file_ref idref="fl-dc"/>
      </object_component>
      <object_component id="oc-1ae">
         <name>.text:strlen</name>
         <load_address>0x3ee2</load_address>
         <run_address>0x3ee2</run_address>
         <size>0x14</size>
         <input_file_ref idref="fl-dd"/>
      </object_component>
      <object_component id="oc-1e3">
         <name>.text:wcslen</name>
         <load_address>0x3ef6</load_address>
         <run_address>0x3ef6</run_address>
         <size>0x12</size>
         <input_file_ref idref="fl-df"/>
      </object_component>
      <object_component id="oc-c3">
         <name>.text</name>
         <load_address>0x3f08</load_address>
         <run_address>0x3f08</run_address>
         <size>0x10</size>
         <input_file_ref idref="fl-1"/>
      </object_component>
      <object_component id="oc-1b">
         <name>.text:decompress:none:__TI_decompress_none</name>
         <load_address>0x3f18</load_address>
         <run_address>0x3f18</run_address>
         <size>0xe</size>
         <input_file_ref idref="fl-c5"/>
      </object_component>
      <object_component id="oc-27">
         <name>.text</name>
         <load_address>0x3f26</load_address>
         <run_address>0x3f26</run_address>
         <size>0xc</size>
         <input_file_ref idref="fl-6"/>
      </object_component>
      <object_component id="oc-161">
         <name>.text:_outc</name>
         <load_address>0x3f32</load_address>
         <run_address>0x3f32</run_address>
         <size>0xa</size>
         <input_file_ref idref="fl-c2"/>
      </object_component>
      <object_component id="oc-1e9">
         <name>.text:__aeabi_errno_addr</name>
         <load_address>0x3f3c</load_address>
         <run_address>0x3f3c</run_address>
         <size>0x8</size>
         <input_file_ref idref="fl-de"/>
      </object_component>
      <object_component id="oc-95">
         <name>.text:_system_pre_init</name>
         <load_address>0x3f44</load_address>
         <run_address>0x3f44</run_address>
         <size>0x4</size>
         <input_file_ref idref="fl-d3"/>
      </object_component>
      <object_component id="oc-f4">
         <name>.text:abort:abort</name>
         <load_address>0x3f48</load_address>
         <run_address>0x3f48</run_address>
         <size>0x4</size>
         <input_file_ref idref="fl-d5"/>
      </object_component>
      <object_component id="oc-224">
         <name>.const:.string:_ctypes_</name>
         <load_address>0x3f4c</load_address>
         <run_address>0x3f4c</run_address>
         <size>0x101</size>
         <input_file_ref idref="fl-da"/>
      </object_component>
      <object_component id="oc-328">
         <name>.cinit..data.load</name>
         <load_address>0x4050</load_address>
         <run_address>0x4050</run_address>
         <size>0x18</size>
      </object_component>
      <object_component id="oc-326">
         <name>__TI_handler_table</name>
         <load_address>0x4068</load_address>
         <run_address>0x4068</run_address>
         <size>0x8</size>
      </object_component>
      <object_component id="oc-327">
         <name>__TI_cinit_table</name>
         <load_address>0x4070</load_address>
         <run_address>0x4070</run_address>
         <size>0x8</size>
      </object_component>
      <object_component id="oc-145">
         <name>.data</name>
         <load_address>0x20001006</load_address>
         <run_address>0x20001006</run_address>
         <size>0x4</size>
         <input_file_ref idref="fl-2"/>
      </object_component>
      <object_component id="oc-142">
         <name>.data:macAddress</name>
         <load_address>0x20001000</load_address>
         <run_address>0x20001000</run_address>
         <size>0x6</size>
         <input_file_ref idref="fl-2"/>
      </object_component>
      <object_component id="oc-148">
         <name>.data:ipAddress</name>
         <load_address>0x2000100a</load_address>
         <run_address>0x2000100a</run_address>
         <size>0x4</size>
         <input_file_ref idref="fl-2"/>
      </object_component>
      <object_component id="oc-14b">
         <name>.data:ipSubnetMask</name>
         <load_address>0x20001012</load_address>
         <run_address>0x20001012</run_address>
         <size>0x4</size>
         <input_file_ref idref="fl-2"/>
      </object_component>
      <object_component id="oc-14e">
         <name>.data:ipGwAddress</name>
         <load_address>0x2000100e</load_address>
         <run_address>0x2000100e</run_address>
         <size>0x4</size>
         <input_file_ref idref="fl-2"/>
      </object_component>
      <object_component id="oc-28b">
         <name>.data</name>
         <load_address>0x20001018</load_address>
         <run_address>0x20001018</run_address>
         <size>0x4</size>
         <input_file_ref idref="fl-de"/>
      </object_component>
      <object_component id="oc-24">
         <name>.stack</name>
         <uninitialized>true</uninitialized>
         <run_address>0x20000000</run_address>
         <size>0x4</size>
         <input_file_ref idref="fl-c8"/>
      </object_component>
      <object_component id="oc-32a">
         <name>.stack</name>
         <uninitialized>true</uninitialized>
         <run_address>0x20000000</run_address>
         <size>0x0</size>
      </object_component>
      <object_component id="oc-b2">
         <name>.debug_info</name>
         <load_address>0x0</load_address>
         <run_address>0x0</run_address>
         <size>0x25a</size>
         <input_file_ref idref="fl-1"/>
      </object_component>
      <object_component id="oc-c4">
         <name>.debug_info</name>
         <load_address>0x25a</load_address>
         <run_address>0x25a</run_address>
         <size>0x117</size>
         <input_file_ref idref="fl-1"/>
      </object_component>
      <object_component id="oc-70">
         <name>.debug_info</name>
         <load_address>0x371</load_address>
         <run_address>0x371</run_address>
         <size>0x26b</size>
         <input_file_ref idref="fl-1"/>
      </object_component>
      <object_component id="oc-36">
         <name>.debug_info</name>
         <load_address>0x5dc</load_address>
         <run_address>0x5dc</run_address>
         <size>0x84</size>
         <input_file_ref idref="fl-1"/>
      </object_component>
      <object_component id="oc-ad">
         <name>.debug_info</name>
         <load_address>0x660</load_address>
         <run_address>0x660</run_address>
         <size>0x2a4</size>
         <input_file_ref idref="fl-1"/>
      </object_component>
      <object_component id="oc-75">
         <name>.debug_info</name>
         <load_address>0x904</load_address>
         <run_address>0x904</run_address>
         <size>0xbb</size>
         <input_file_ref idref="fl-1"/>
      </object_component>
      <object_component id="oc-152">
         <name>.debug_info</name>
         <load_address>0x9bf</load_address>
         <run_address>0x9bf</run_address>
         <size>0x4a9</size>
         <input_file_ref idref="fl-2"/>
      </object_component>
      <object_component id="oc-146">
         <name>.debug_info</name>
         <load_address>0xe68</load_address>
         <run_address>0xe68</run_address>
         <size>0x14f</size>
         <input_file_ref idref="fl-2"/>
      </object_component>
      <object_component id="oc-143">
         <name>.debug_info</name>
         <load_address>0xfb7</load_address>
         <run_address>0xfb7</run_address>
         <size>0xd2</size>
         <input_file_ref idref="fl-2"/>
      </object_component>
      <object_component id="oc-149">
         <name>.debug_info</name>
         <load_address>0x1089</load_address>
         <run_address>0x1089</run_address>
         <size>0xd0</size>
         <input_file_ref idref="fl-2"/>
      </object_component>
      <object_component id="oc-14c">
         <name>.debug_info</name>
         <load_address>0x1159</load_address>
         <run_address>0x1159</run_address>
         <size>0xd6</size>
         <input_file_ref idref="fl-2"/>
      </object_component>
      <object_component id="oc-14f">
         <name>.debug_info</name>
         <load_address>0x122f</load_address>
         <run_address>0x122f</run_address>
         <size>0xd4</size>
         <input_file_ref idref="fl-2"/>
      </object_component>
      <object_component id="oc-d0">
         <name>.debug_info</name>
         <load_address>0x1303</load_address>
         <run_address>0x1303</run_address>
         <size>0x2ac5</size>
         <input_file_ref idref="fl-2"/>
      </object_component>
      <object_component id="oc-136">
         <name>.debug_info</name>
         <load_address>0x3dc8</load_address>
         <run_address>0x3dc8</run_address>
         <size>0x88</size>
         <input_file_ref idref="fl-2"/>
      </object_component>
      <object_component id="oc-ef">
         <name>.debug_info</name>
         <load_address>0x3e50</load_address>
         <run_address>0x3e50</run_address>
         <size>0x8b</size>
         <input_file_ref idref="fl-2"/>
      </object_component>
      <object_component id="oc-173">
         <name>.debug_info</name>
         <load_address>0x3edb</load_address>
         <run_address>0x3edb</run_address>
         <size>0x5d1</size>
         <input_file_ref idref="fl-2"/>
      </object_component>
      <object_component id="oc-ee">
         <name>.debug_info</name>
         <load_address>0x44ac</load_address>
         <run_address>0x44ac</run_address>
         <size>0xa77</size>
         <input_file_ref idref="fl-3"/>
      </object_component>
      <object_component id="oc-9c">
         <name>.debug_info</name>
         <load_address>0x4f23</load_address>
         <run_address>0x4f23</run_address>
         <size>0x7d1</size>
         <input_file_ref idref="fl-3"/>
      </object_component>
      <object_component id="oc-169">
         <name>.debug_info</name>
         <load_address>0x56f4</load_address>
         <run_address>0x56f4</run_address>
         <size>0x2c</size>
         <input_file_ref idref="fl-3"/>
      </object_component>
      <object_component id="oc-178">
         <name>.debug_info</name>
         <load_address>0x5720</load_address>
         <run_address>0x5720</run_address>
         <size>0x35</size>
         <input_file_ref idref="fl-3"/>
      </object_component>
      <object_component id="oc-13b">
         <name>.debug_info</name>
         <load_address>0x5755</load_address>
         <run_address>0x5755</run_address>
         <size>0x25f</size>
         <input_file_ref idref="fl-4"/>
      </object_component>
      <object_component id="oc-ca">
         <name>.debug_info</name>
         <load_address>0x59b4</load_address>
         <run_address>0x59b4</run_address>
         <size>0xf9c</size>
         <input_file_ref idref="fl-4"/>
      </object_component>
      <object_component id="oc-13d">
         <name>.debug_info</name>
         <load_address>0x6950</load_address>
         <run_address>0x6950</run_address>
         <size>0x451</size>
         <input_file_ref idref="fl-5"/>
      </object_component>
      <object_component id="oc-2f">
         <name>.debug_info</name>
         <load_address>0x6da1</load_address>
         <run_address>0x6da1</run_address>
         <size>0x2ab</size>
         <input_file_ref idref="fl-6"/>
      </object_component>
      <object_component id="oc-13">
         <name>.debug_info</name>
         <load_address>0x704c</load_address>
         <run_address>0x704c</run_address>
         <size>0xea</size>
         <input_file_ref idref="fl-6"/>
      </object_component>
      <object_component id="oc-28">
         <name>.debug_info</name>
         <load_address>0x7136</load_address>
         <run_address>0x7136</run_address>
         <size>0x266</size>
         <input_file_ref idref="fl-6"/>
      </object_component>
      <object_component id="oc-154">
         <name>.debug_info</name>
         <load_address>0x739c</load_address>
         <run_address>0x739c</run_address>
         <size>0x34a</size>
         <input_file_ref idref="fl-7"/>
      </object_component>
      <object_component id="oc-d6">
         <name>.debug_info</name>
         <load_address>0x76e6</load_address>
         <run_address>0x76e6</run_address>
         <size>0x3c3</size>
         <input_file_ref idref="fl-7"/>
      </object_component>
      <object_component id="oc-e2">
         <name>.debug_info</name>
         <load_address>0x7aa9</load_address>
         <run_address>0x7aa9</run_address>
         <size>0x121</size>
         <input_file_ref idref="fl-8"/>
      </object_component>
      <object_component id="oc-168">
         <name>.debug_info</name>
         <load_address>0x7bca</load_address>
         <run_address>0x7bca</run_address>
         <size>0x333</size>
         <input_file_ref idref="fl-c2"/>
      </object_component>
      <object_component id="oc-de">
         <name>.debug_info</name>
         <load_address>0x7efd</load_address>
         <run_address>0x7efd</run_address>
         <size>0x1d1</size>
         <input_file_ref idref="fl-c2"/>
      </object_component>
      <object_component id="oc-15d">
         <name>.debug_info</name>
         <load_address>0x80ce</load_address>
         <run_address>0x80ce</run_address>
         <size>0x18d</size>
         <input_file_ref idref="fl-c2"/>
      </object_component>
      <object_component id="oc-163">
         <name>.debug_info</name>
         <load_address>0x825b</load_address>
         <run_address>0x825b</run_address>
         <size>0x16d</size>
         <input_file_ref idref="fl-c2"/>
      </object_component>
      <object_component id="oc-292">
         <name>.debug_info</name>
         <load_address>0x83c8</load_address>
         <run_address>0x83c8</run_address>
         <size>0x2c</size>
         <input_file_ref idref="fl-c2"/>
      </object_component>
      <object_component id="oc-3c">
         <name>.debug_info</name>
         <load_address>0x83f4</load_address>
         <run_address>0x83f4</run_address>
         <size>0x119</size>
         <input_file_ref idref="fl-c3"/>
      </object_component>
      <object_component id="oc-ba">
         <name>.debug_info</name>
         <load_address>0x850d</load_address>
         <run_address>0x850d</run_address>
         <size>0x2c</size>
         <input_file_ref idref="fl-c4"/>
      </object_component>
      <object_component id="oc-46">
         <name>.debug_info</name>
         <load_address>0x8539</load_address>
         <run_address>0x8539</run_address>
         <size>0x2a8</size>
         <input_file_ref idref="fl-c5"/>
      </object_component>
      <object_component id="oc-1c">
         <name>.debug_info</name>
         <load_address>0x87e1</load_address>
         <run_address>0x87e1</run_address>
         <size>0x1ea</size>
         <input_file_ref idref="fl-c5"/>
      </object_component>
      <object_component id="oc-41">
         <name>.debug_info</name>
         <load_address>0x89cb</load_address>
         <run_address>0x89cb</run_address>
         <size>0x46</size>
         <input_file_ref idref="fl-c5"/>
      </object_component>
      <object_component id="oc-81">
         <name>.debug_info</name>
         <load_address>0x8a11</load_address>
         <run_address>0x8a11</run_address>
         <size>0x2c</size>
         <input_file_ref idref="fl-c5"/>
      </object_component>
      <object_component id="oc-7f">
         <name>.debug_info</name>
         <load_address>0x8a3d</load_address>
         <run_address>0x8a3d</run_address>
         <size>0x29e</size>
         <input_file_ref idref="fl-c6"/>
      </object_component>
      <object_component id="oc-16">
         <name>.debug_info</name>
         <load_address>0x8cdb</load_address>
         <run_address>0x8cdb</run_address>
         <size>0x250</size>
         <input_file_ref idref="fl-c6"/>
      </object_component>
      <object_component id="oc-31">
         <name>.debug_info</name>
         <load_address>0x8f2b</load_address>
         <run_address>0x8f2b</run_address>
         <size>0x60</size>
         <input_file_ref idref="fl-c6"/>
      </object_component>
      <object_component id="oc-b3">
         <name>.debug_info</name>
         <load_address>0x8f8b</load_address>
         <run_address>0x8f8b</run_address>
         <size>0x46</size>
         <input_file_ref idref="fl-c6"/>
      </object_component>
      <object_component id="oc-7a">
         <name>.debug_info</name>
         <load_address>0x8fd1</load_address>
         <run_address>0x8fd1</run_address>
         <size>0x39</size>
         <input_file_ref idref="fl-c6"/>
      </object_component>
      <object_component id="oc-170">
         <name>.debug_info</name>
         <load_address>0x900a</load_address>
         <run_address>0x900a</run_address>
         <size>0x28a</size>
         <input_file_ref idref="fl-c7"/>
      </object_component>
      <object_component id="oc-e8">
         <name>.debug_info</name>
         <load_address>0x9294</load_address>
         <run_address>0x9294</run_address>
         <size>0x273</size>
         <input_file_ref idref="fl-c7"/>
      </object_component>
      <object_component id="oc-25">
         <name>.debug_info</name>
         <load_address>0x9507</load_address>
         <run_address>0x9507</run_address>
         <size>0x10b</size>
         <input_file_ref idref="fl-c8"/>
      </object_component>
      <object_component id="oc-5a">
         <name>.debug_info</name>
         <load_address>0x9612</load_address>
         <run_address>0x9612</run_address>
         <size>0x1a9</size>
         <input_file_ref idref="fl-c8"/>
      </object_component>
      <object_component id="oc-1f0">
         <name>.debug_info</name>
         <load_address>0x97bb</load_address>
         <run_address>0x97bb</run_address>
         <size>0x590</size>
         <input_file_ref idref="fl-c9"/>
      </object_component>
      <object_component id="oc-1bb">
         <name>.debug_info</name>
         <load_address>0x9d4b</load_address>
         <run_address>0x9d4b</run_address>
         <size>0x21e</size>
         <input_file_ref idref="fl-c9"/>
      </object_component>
      <object_component id="oc-255">
         <name>.debug_info</name>
         <load_address>0x9f69</load_address>
         <run_address>0x9f69</run_address>
         <size>0x1b3</size>
         <input_file_ref idref="fl-c9"/>
      </object_component>
      <object_component id="oc-25b">
         <name>.debug_info</name>
         <load_address>0xa11c</load_address>
         <run_address>0xa11c</run_address>
         <size>0x21b</size>
         <input_file_ref idref="fl-c9"/>
      </object_component>
      <object_component id="oc-1c6">
         <name>.debug_info</name>
         <load_address>0xa337</load_address>
         <run_address>0xa337</run_address>
         <size>0x3c0</size>
         <input_file_ref idref="fl-c9"/>
      </object_component>
      <object_component id="oc-262">
         <name>.debug_info</name>
         <load_address>0xa6f7</load_address>
         <run_address>0xa6f7</run_address>
         <size>0x30a</size>
         <input_file_ref idref="fl-c9"/>
      </object_component>
      <object_component id="oc-268">
         <name>.debug_info</name>
         <load_address>0xaa01</load_address>
         <run_address>0xaa01</run_address>
         <size>0x215</size>
         <input_file_ref idref="fl-c9"/>
      </object_component>
      <object_component id="oc-1cc">
         <name>.debug_info</name>
         <load_address>0xac16</load_address>
         <run_address>0xac16</run_address>
         <size>0x215</size>
         <input_file_ref idref="fl-c9"/>
      </object_component>
      <object_component id="oc-1d2">
         <name>.debug_info</name>
         <load_address>0xae2b</load_address>
         <run_address>0xae2b</run_address>
         <size>0x304</size>
         <input_file_ref idref="fl-c9"/>
      </object_component>
      <object_component id="oc-1d8">
         <name>.debug_info</name>
         <load_address>0xb12f</load_address>
         <run_address>0xb12f</run_address>
         <size>0x4b5</size>
         <input_file_ref idref="fl-c9"/>
      </object_component>
      <object_component id="oc-156">
         <name>.debug_info</name>
         <load_address>0xb5e4</load_address>
         <run_address>0xb5e4</run_address>
         <size>0x5f4</size>
         <input_file_ref idref="fl-c9"/>
      </object_component>
      <object_component id="oc-1f1">
         <name>.debug_info</name>
         <load_address>0xbbd8</load_address>
         <run_address>0xbbd8</run_address>
         <size>0x86</size>
         <input_file_ref idref="fl-c9"/>
      </object_component>
      <object_component id="oc-297">
         <name>.debug_info</name>
         <load_address>0xbc5e</load_address>
         <run_address>0xbc5e</run_address>
         <size>0x39</size>
         <input_file_ref idref="fl-c9"/>
      </object_component>
      <object_component id="oc-2e7">
         <name>.debug_info</name>
         <load_address>0xbc97</load_address>
         <run_address>0xbc97</run_address>
         <size>0xb6</size>
         <input_file_ref idref="fl-c9"/>
      </object_component>
      <object_component id="oc-29c">
         <name>.debug_info</name>
         <load_address>0xbd4d</load_address>
         <run_address>0xbd4d</run_address>
         <size>0x46</size>
         <input_file_ref idref="fl-c9"/>
      </object_component>
      <object_component id="oc-1f6">
         <name>.debug_info</name>
         <load_address>0xbd93</load_address>
         <run_address>0xbd93</run_address>
         <size>0x46</size>
         <input_file_ref idref="fl-c9"/>
      </object_component>
      <object_component id="oc-250">
         <name>.debug_info</name>
         <load_address>0xbdd9</load_address>
         <run_address>0xbdd9</run_address>
         <size>0x14c</size>
         <input_file_ref idref="fl-ca"/>
      </object_component>
      <object_component id="oc-1c1">
         <name>.debug_info</name>
         <load_address>0xbf25</load_address>
         <run_address>0xbf25</run_address>
         <size>0x128</size>
         <input_file_ref idref="fl-cb"/>
      </object_component>
      <object_component id="oc-23b">
         <name>.debug_info</name>
         <load_address>0xc04d</load_address>
         <run_address>0xc04d</run_address>
         <size>0x12a</size>
         <input_file_ref idref="fl-cb"/>
      </object_component>
      <object_component id="oc-236">
         <name>.debug_info</name>
         <load_address>0xc177</load_address>
         <run_address>0xc177</run_address>
         <size>0x13a</size>
         <input_file_ref idref="fl-cc"/>
      </object_component>
      <object_component id="oc-231">
         <name>.debug_info</name>
         <load_address>0xc2b1</load_address>
         <run_address>0xc2b1</run_address>
         <size>0x13a</size>
         <input_file_ref idref="fl-cd"/>
      </object_component>
      <object_component id="oc-240">
         <name>.debug_info</name>
         <load_address>0xc3eb</load_address>
         <run_address>0xc3eb</run_address>
         <size>0x12e</size>
         <input_file_ref idref="fl-ce"/>
      </object_component>
      <object_component id="oc-24b">
         <name>.debug_info</name>
         <load_address>0xc519</load_address>
         <run_address>0xc519</run_address>
         <size>0x12c</size>
         <input_file_ref idref="fl-cf"/>
      </object_component>
      <object_component id="oc-90">
         <name>.debug_info</name>
         <load_address>0xc645</load_address>
         <run_address>0xc645</run_address>
         <size>0x147</size>
         <input_file_ref idref="fl-d0"/>
      </object_component>
      <object_component id="oc-22a">
         <name>.debug_info</name>
         <load_address>0xc78c</load_address>
         <run_address>0xc78c</run_address>
         <size>0x134</size>
         <input_file_ref idref="fl-d1"/>
      </object_component>
      <object_component id="oc-188">
         <name>.debug_info</name>
         <load_address>0xc8c0</load_address>
         <run_address>0xc8c0</run_address>
         <size>0x4b3</size>
         <input_file_ref idref="fl-d2"/>
      </object_component>
      <object_component id="oc-101">
         <name>.debug_info</name>
         <load_address>0xcd73</load_address>
         <run_address>0xcd73</run_address>
         <size>0x1a6</size>
         <input_file_ref idref="fl-d2"/>
      </object_component>
      <object_component id="oc-211">
         <name>.debug_info</name>
         <load_address>0xcf19</load_address>
         <run_address>0xcf19</run_address>
         <size>0x39</size>
         <input_file_ref idref="fl-d2"/>
      </object_component>
      <object_component id="oc-2a4">
         <name>.debug_info</name>
         <load_address>0xcf52</load_address>
         <run_address>0xcf52</run_address>
         <size>0x39</size>
         <input_file_ref idref="fl-d2"/>
      </object_component>
      <object_component id="oc-216">
         <name>.debug_info</name>
         <load_address>0xcf8b</load_address>
         <run_address>0xcf8b</run_address>
         <size>0x39</size>
         <input_file_ref idref="fl-d2"/>
      </object_component>
      <object_component id="oc-21b">
         <name>.debug_info</name>
         <load_address>0xcfc4</load_address>
         <run_address>0xcfc4</run_address>
         <size>0xcd</size>
         <input_file_ref idref="fl-d2"/>
      </object_component>
      <object_component id="oc-96">
         <name>.debug_info</name>
         <load_address>0xd091</load_address>
         <run_address>0xd091</run_address>
         <size>0x153</size>
         <input_file_ref idref="fl-d3"/>
      </object_component>
      <object_component id="oc-f5">
         <name>.debug_info</name>
         <load_address>0xd1e4</load_address>
         <run_address>0xd1e4</run_address>
         <size>0x122</size>
         <input_file_ref idref="fl-d5"/>
      </object_component>
      <object_component id="oc-2c2">
         <name>.debug_info</name>
         <load_address>0xd306</load_address>
         <run_address>0xd306</run_address>
         <size>0x29c</size>
         <input_file_ref idref="fl-d7"/>
      </object_component>
      <object_component id="oc-245">
         <name>.debug_info</name>
         <load_address>0xd5a2</load_address>
         <run_address>0xd5a2</run_address>
         <size>0x1da</size>
         <input_file_ref idref="fl-d7"/>
      </object_component>
      <object_component id="oc-228">
         <name>.debug_info</name>
         <load_address>0xd77c</load_address>
         <run_address>0xd77c</run_address>
         <size>0x2b9</size>
         <input_file_ref idref="fl-d9"/>
      </object_component>
      <object_component id="oc-1b5">
         <name>.debug_info</name>
         <load_address>0xda35</load_address>
         <run_address>0xda35</run_address>
         <size>0x17c</size>
         <input_file_ref idref="fl-d9"/>
      </object_component>
      <object_component id="oc-2b4">
         <name>.debug_info</name>
         <load_address>0xdbb1</load_address>
         <run_address>0xdbb1</run_address>
         <size>0xf9</size>
         <input_file_ref idref="fl-da"/>
      </object_component>
      <object_component id="oc-225">
         <name>.debug_info</name>
         <load_address>0xdcaa</load_address>
         <run_address>0xdcaa</run_address>
         <size>0x105</size>
         <input_file_ref idref="fl-da"/>
      </object_component>
      <object_component id="oc-283">
         <name>.debug_info</name>
         <load_address>0xddaf</load_address>
         <run_address>0xddaf</run_address>
         <size>0x2a7</size>
         <input_file_ref idref="fl-db"/>
      </object_component>
      <object_component id="oc-1de">
         <name>.debug_info</name>
         <load_address>0xe056</load_address>
         <run_address>0xe056</run_address>
         <size>0x1b8</size>
         <input_file_ref idref="fl-db"/>
      </object_component>
      <object_component id="oc-2d9">
         <name>.debug_info</name>
         <load_address>0xe20e</load_address>
         <run_address>0xe20e</run_address>
         <size>0x29a</size>
         <input_file_ref idref="fl-dc"/>
      </object_component>
      <object_component id="oc-27c">
         <name>.debug_info</name>
         <load_address>0xe4a8</load_address>
         <run_address>0xe4a8</run_address>
         <size>0x262</size>
         <input_file_ref idref="fl-dc"/>
      </object_component>
      <object_component id="oc-223">
         <name>.debug_info</name>
         <load_address>0xe70a</load_address>
         <run_address>0xe70a</run_address>
         <size>0x28f</size>
         <input_file_ref idref="fl-dd"/>
      </object_component>
      <object_component id="oc-1af">
         <name>.debug_info</name>
         <load_address>0xe999</load_address>
         <run_address>0xe999</run_address>
         <size>0x245</size>
         <input_file_ref idref="fl-dd"/>
      </object_component>
      <object_component id="oc-28f">
         <name>.debug_info</name>
         <load_address>0xebde</load_address>
         <run_address>0xebde</run_address>
         <size>0x289</size>
         <input_file_ref idref="fl-de"/>
      </object_component>
      <object_component id="oc-28c">
         <name>.debug_info</name>
         <load_address>0xee67</load_address>
         <run_address>0xee67</run_address>
         <size>0x10e</size>
         <input_file_ref idref="fl-de"/>
      </object_component>
      <object_component id="oc-1ea">
         <name>.debug_info</name>
         <load_address>0xef75</load_address>
         <run_address>0xef75</run_address>
         <size>0x14e</size>
         <input_file_ref idref="fl-de"/>
      </object_component>
      <object_component id="oc-28a">
         <name>.debug_info</name>
         <load_address>0xf0c3</load_address>
         <run_address>0xf0c3</run_address>
         <size>0x28f</size>
         <input_file_ref idref="fl-df"/>
      </object_component>
      <object_component id="oc-1e4">
         <name>.debug_info</name>
         <load_address>0xf352</load_address>
         <run_address>0xf352</run_address>
         <size>0x15a</size>
         <input_file_ref idref="fl-df"/>
      </object_component>
      <object_component id="oc-2dc">
         <name>.debug_info</name>
         <load_address>0xf4ac</load_address>
         <run_address>0xf4ac</run_address>
         <size>0x46</size>
         <input_file_ref idref="fl-df"/>
      </object_component>
      <object_component id="oc-285">
         <name>.debug_info</name>
         <load_address>0xf4f2</load_address>
         <run_address>0xf4f2</run_address>
         <size>0x39</size>
         <input_file_ref idref="fl-df"/>
      </object_component>
      <object_component id="oc-2ca">
         <name>.debug_info</name>
         <load_address>0xf52b</load_address>
         <run_address>0xf52b</run_address>
         <size>0x295</size>
         <input_file_ref idref="fl-e0"/>
      </object_component>
      <object_component id="oc-270">
         <name>.debug_info</name>
         <load_address>0xf7c0</load_address>
         <run_address>0xf7c0</run_address>
         <size>0x195</size>
         <input_file_ref idref="fl-e0"/>
      </object_component>
      <object_component id="oc-2f3">
         <name>.debug_info</name>
         <load_address>0xf955</load_address>
         <run_address>0xf955</run_address>
         <size>0x39</size>
         <input_file_ref idref="fl-e0"/>
      </object_component>
      <object_component id="oc-2cb">
         <name>.debug_info</name>
         <load_address>0xf98e</load_address>
         <run_address>0xf98e</run_address>
         <size>0x2c</size>
         <input_file_ref idref="fl-e0"/>
      </object_component>
      <object_component id="oc-2d7">
         <name>.debug_info</name>
         <load_address>0xf9ba</load_address>
         <run_address>0xf9ba</run_address>
         <size>0x2f8</size>
         <input_file_ref idref="fl-e1"/>
      </object_component>
      <object_component id="oc-278">
         <name>.debug_info</name>
         <load_address>0xfcb2</load_address>
         <run_address>0xfcb2</run_address>
         <size>0x225</size>
         <input_file_ref idref="fl-e1"/>
      </object_component>
      <object_component id="oc-2ba">
         <name>.debug_info</name>
         <load_address>0xfed7</load_address>
         <run_address>0xfed7</run_address>
         <size>0x115</size>
         <input_file_ref idref="fl-e2"/>
      </object_component>
      <object_component id="oc-2d4">
         <name>.debug_info</name>
         <load_address>0xffec</load_address>
         <run_address>0xffec</run_address>
         <size>0x161</size>
         <input_file_ref idref="fl-e3"/>
      </object_component>
      <object_component id="oc-32b">
         <name>.debug_info</name>
         <load_address>0x1014d</load_address>
         <run_address>0x1014d</run_address>
         <size>0x9d</size>
      </object_component>
      <object_component id="oc-133">
         <name>.debug_line</name>
         <load_address>0x0</load_address>
         <run_address>0x0</run_address>
         <size>0x20</size>
         <input_file_ref idref="fl-1"/>
      </object_component>
      <object_component id="oc-c7">
         <name>.debug_line</name>
         <load_address>0x20</load_address>
         <run_address>0x20</run_address>
         <size>0x43</size>
         <input_file_ref idref="fl-1"/>
      </object_component>
      <object_component id="oc-73">
         <name>.debug_line</name>
         <load_address>0x63</load_address>
         <run_address>0x63</run_address>
         <size>0x79</size>
         <input_file_ref idref="fl-1"/>
      </object_component>
      <object_component id="oc-39">
         <name>.debug_line</name>
         <load_address>0xdc</load_address>
         <run_address>0xdc</run_address>
         <size>0x20</size>
         <input_file_ref idref="fl-1"/>
      </object_component>
      <object_component id="oc-b0">
         <name>.debug_line</name>
         <load_address>0xfc</load_address>
         <run_address>0xfc</run_address>
         <size>0x7d</size>
         <input_file_ref idref="fl-1"/>
      </object_component>
      <object_component id="oc-78">
         <name>.debug_line</name>
         <load_address>0x179</load_address>
         <run_address>0x179</run_address>
         <size>0x7a</size>
         <input_file_ref idref="fl-1"/>
      </object_component>
      <object_component id="oc-1ab">
         <name>.debug_line</name>
         <load_address>0x1f3</load_address>
         <run_address>0x1f3</run_address>
         <size>0x47</size>
         <input_file_ref idref="fl-2"/>
      </object_component>
      <object_component id="oc-1a3">
         <name>.debug_line</name>
         <load_address>0x23a</load_address>
         <run_address>0x23a</run_address>
         <size>0x2d</size>
         <input_file_ref idref="fl-2"/>
      </object_component>
      <object_component id="oc-1a1">
         <name>.debug_line</name>
         <load_address>0x267</load_address>
         <run_address>0x267</run_address>
         <size>0x2d</size>
         <input_file_ref idref="fl-2"/>
      </object_component>
      <object_component id="oc-1a5">
         <name>.debug_line</name>
         <load_address>0x294</load_address>
         <run_address>0x294</run_address>
         <size>0x2d</size>
         <input_file_ref idref="fl-2"/>
      </object_component>
      <object_component id="oc-1a7">
         <name>.debug_line</name>
         <load_address>0x2c1</load_address>
         <run_address>0x2c1</run_address>
         <size>0x2d</size>
         <input_file_ref idref="fl-2"/>
      </object_component>
      <object_component id="oc-1a9">
         <name>.debug_line</name>
         <load_address>0x2ee</load_address>
         <run_address>0x2ee</run_address>
         <size>0x2d</size>
         <input_file_ref idref="fl-2"/>
      </object_component>
      <object_component id="oc-d3">
         <name>.debug_line</name>
         <load_address>0x31b</load_address>
         <run_address>0x31b</run_address>
         <size>0x803</size>
         <input_file_ref idref="fl-2"/>
      </object_component>
      <object_component id="oc-139">
         <name>.debug_line</name>
         <load_address>0xb1e</load_address>
         <run_address>0xb1e</run_address>
         <size>0x2d</size>
         <input_file_ref idref="fl-2"/>
      </object_component>
      <object_component id="oc-f2">
         <name>.debug_line</name>
         <load_address>0xb4b</load_address>
         <run_address>0xb4b</run_address>
         <size>0x20</size>
         <input_file_ref idref="fl-2"/>
      </object_component>
      <object_component id="oc-176">
         <name>.debug_line</name>
         <load_address>0xb6b</load_address>
         <run_address>0xb6b</run_address>
         <size>0x51</size>
         <input_file_ref idref="fl-2"/>
      </object_component>
      <object_component id="oc-172">
         <name>.debug_line</name>
         <load_address>0xbbc</load_address>
         <run_address>0xbbc</run_address>
         <size>0x10c</size>
         <input_file_ref idref="fl-3"/>
      </object_component>
      <object_component id="oc-9f">
         <name>.debug_line</name>
         <load_address>0xcc8</load_address>
         <run_address>0xcc8</run_address>
         <size>0x14f</size>
         <input_file_ref idref="fl-3"/>
      </object_component>
      <object_component id="oc-16c">
         <name>.debug_line</name>
         <load_address>0xe17</load_address>
         <run_address>0xe17</run_address>
         <size>0x75</size>
         <input_file_ref idref="fl-3"/>
      </object_component>
      <object_component id="oc-17b">
         <name>.debug_line</name>
         <load_address>0xe8c</load_address>
         <run_address>0xe8c</run_address>
         <size>0x7e</size>
         <input_file_ref idref="fl-3"/>
      </object_component>
      <object_component id="oc-19e">
         <name>.debug_line</name>
         <load_address>0xf0a</load_address>
         <run_address>0xf0a</run_address>
         <size>0x20</size>
         <input_file_ref idref="fl-4"/>
      </object_component>
      <object_component id="oc-cd">
         <name>.debug_line</name>
         <load_address>0xf2a</load_address>
         <run_address>0xf2a</run_address>
         <size>0x39a</size>
         <input_file_ref idref="fl-4"/>
      </object_component>
      <object_component id="oc-140">
         <name>.debug_line</name>
         <load_address>0x12c4</load_address>
         <run_address>0x12c4</run_address>
         <size>0xdd</size>
         <input_file_ref idref="fl-5"/>
      </object_component>
      <object_component id="oc-6f">
         <name>.debug_line</name>
         <load_address>0x13a1</load_address>
         <run_address>0x13a1</run_address>
         <size>0x41</size>
         <input_file_ref idref="fl-6"/>
      </object_component>
      <object_component id="oc-2e">
         <name>.debug_line</name>
         <load_address>0x13e2</load_address>
         <run_address>0x13e2</run_address>
         <size>0x41</size>
         <input_file_ref idref="fl-6"/>
      </object_component>
      <object_component id="oc-2b">
         <name>.debug_line</name>
         <load_address>0x1423</load_address>
         <run_address>0x1423</run_address>
         <size>0xa1</size>
         <input_file_ref idref="fl-6"/>
      </object_component>
      <object_component id="oc-1ad">
         <name>.debug_line</name>
         <load_address>0x14c4</load_address>
         <run_address>0x14c4</run_address>
         <size>0x2d</size>
         <input_file_ref idref="fl-7"/>
      </object_component>
      <object_component id="oc-d9">
         <name>.debug_line</name>
         <load_address>0x14f1</load_address>
         <run_address>0x14f1</run_address>
         <size>0xe5</size>
         <input_file_ref idref="fl-7"/>
      </object_component>
      <object_component id="oc-e5">
         <name>.debug_line</name>
         <load_address>0x15d6</load_address>
         <run_address>0x15d6</run_address>
         <size>0x52</size>
         <input_file_ref idref="fl-8"/>
      </object_component>
      <object_component id="oc-1fe">
         <name>.debug_line</name>
         <load_address>0x1628</load_address>
         <run_address>0x1628</run_address>
         <size>0x2d</size>
         <input_file_ref idref="fl-c2"/>
      </object_component>
      <object_component id="oc-e0">
         <name>.debug_line</name>
         <load_address>0x1655</load_address>
         <run_address>0x1655</run_address>
         <size>0x4b</size>
         <input_file_ref idref="fl-c2"/>
      </object_component>
      <object_component id="oc-160">
         <name>.debug_line</name>
         <load_address>0x16a0</load_address>
         <run_address>0x16a0</run_address>
         <size>0x4b</size>
         <input_file_ref idref="fl-c2"/>
      </object_component>
      <object_component id="oc-165">
         <name>.debug_line</name>
         <load_address>0x16eb</load_address>
         <run_address>0x16eb</run_address>
         <size>0x3f</size>
         <input_file_ref idref="fl-c2"/>
      </object_component>
      <object_component id="oc-295">
         <name>.debug_line</name>
         <load_address>0x172a</load_address>
         <run_address>0x172a</run_address>
         <size>0x91</size>
         <input_file_ref idref="fl-c2"/>
      </object_component>
      <object_component id="oc-3f">
         <name>.debug_line</name>
         <load_address>0x17bb</load_address>
         <run_address>0x17bb</run_address>
         <size>0x88</size>
         <input_file_ref idref="fl-c3"/>
      </object_component>
      <object_component id="oc-bd">
         <name>.debug_line</name>
         <load_address>0x1843</load_address>
         <run_address>0x1843</run_address>
         <size>0x92</size>
         <input_file_ref idref="fl-c4"/>
      </object_component>
      <object_component id="oc-87">
         <name>.debug_line</name>
         <load_address>0x18d5</load_address>
         <run_address>0x18d5</run_address>
         <size>0x20</size>
         <input_file_ref idref="fl-c5"/>
      </object_component>
      <object_component id="oc-1f">
         <name>.debug_line</name>
         <load_address>0x18f5</load_address>
         <run_address>0x18f5</run_address>
         <size>0x55</size>
         <input_file_ref idref="fl-c5"/>
      </object_component>
      <object_component id="oc-44">
         <name>.debug_line</name>
         <load_address>0x194a</load_address>
         <run_address>0x194a</run_address>
         <size>0x3a</size>
         <input_file_ref idref="fl-c5"/>
      </object_component>
      <object_component id="oc-84">
         <name>.debug_line</name>
         <load_address>0x1984</load_address>
         <run_address>0x1984</run_address>
         <size>0x92</size>
         <input_file_ref idref="fl-c5"/>
      </object_component>
      <object_component id="oc-b9">
         <name>.debug_line</name>
         <load_address>0x1a16</load_address>
         <run_address>0x1a16</run_address>
         <size>0x20</size>
         <input_file_ref idref="fl-c6"/>
      </object_component>
      <object_component id="oc-19">
         <name>.debug_line</name>
         <load_address>0x1a36</load_address>
         <run_address>0x1a36</run_address>
         <size>0xa9</size>
         <input_file_ref idref="fl-c6"/>
      </object_component>
      <object_component id="oc-34">
         <name>.debug_line</name>
         <load_address>0x1adf</load_address>
         <run_address>0x1adf</run_address>
         <size>0x3a</size>
         <input_file_ref idref="fl-c6"/>
      </object_component>
      <object_component id="oc-b6">
         <name>.debug_line</name>
         <load_address>0x1b19</load_address>
         <run_address>0x1b19</run_address>
         <size>0x9a</size>
         <input_file_ref idref="fl-c6"/>
      </object_component>
      <object_component id="oc-7d">
         <name>.debug_line</name>
         <load_address>0x1bb3</load_address>
         <run_address>0x1bb3</run_address>
         <size>0x96</size>
         <input_file_ref idref="fl-c6"/>
      </object_component>
      <object_component id="oc-200">
         <name>.debug_line</name>
         <load_address>0x1c49</load_address>
         <run_address>0x1c49</run_address>
         <size>0x20</size>
         <input_file_ref idref="fl-c7"/>
      </object_component>
      <object_component id="oc-eb">
         <name>.debug_line</name>
         <load_address>0x1c69</load_address>
         <run_address>0x1c69</run_address>
         <size>0xad</size>
         <input_file_ref idref="fl-c7"/>
      </object_component>
      <object_component id="oc-6c">
         <name>.debug_line</name>
         <load_address>0x1d16</load_address>
         <run_address>0x1d16</run_address>
         <size>0x33</size>
         <input_file_ref idref="fl-c8"/>
      </object_component>
      <object_component id="oc-5d">
         <name>.debug_line</name>
         <load_address>0x1d49</load_address>
         <run_address>0x1d49</run_address>
         <size>0x45</size>
         <input_file_ref idref="fl-c8"/>
      </object_component>
      <object_component id="oc-291">
         <name>.debug_line</name>
         <load_address>0x1d8e</load_address>
         <run_address>0x1d8e</run_address>
         <size>0x264</size>
         <input_file_ref idref="fl-c9"/>
      </object_component>
      <object_component id="oc-1be">
         <name>.debug_line</name>
         <load_address>0x1ff2</load_address>
         <run_address>0x1ff2</run_address>
         <size>0x7a</size>
         <input_file_ref idref="fl-c9"/>
      </object_component>
      <object_component id="oc-258">
         <name>.debug_line</name>
         <load_address>0x206c</load_address>
         <run_address>0x206c</run_address>
         <size>0x51</size>
         <input_file_ref idref="fl-c9"/>
      </object_component>
      <object_component id="oc-25e">
         <name>.debug_line</name>
         <load_address>0x20bd</load_address>
         <run_address>0x20bd</run_address>
         <size>0x88</size>
         <input_file_ref idref="fl-c9"/>
      </object_component>
      <object_component id="oc-1c9">
         <name>.debug_line</name>
         <load_address>0x2145</load_address>
         <run_address>0x2145</run_address>
         <size>0x14b</size>
         <input_file_ref idref="fl-c9"/>
      </object_component>
      <object_component id="oc-265">
         <name>.debug_line</name>
         <load_address>0x2290</load_address>
         <run_address>0x2290</run_address>
         <size>0xec</size>
         <input_file_ref idref="fl-c9"/>
      </object_component>
      <object_component id="oc-26b">
         <name>.debug_line</name>
         <load_address>0x237c</load_address>
         <run_address>0x237c</run_address>
         <size>0x5d</size>
         <input_file_ref idref="fl-c9"/>
      </object_component>
      <object_component id="oc-1cf">
         <name>.debug_line</name>
         <load_address>0x23d9</load_address>
         <run_address>0x23d9</run_address>
         <size>0x5c</size>
         <input_file_ref idref="fl-c9"/>
      </object_component>
      <object_component id="oc-1d5">
         <name>.debug_line</name>
         <load_address>0x2435</load_address>
         <run_address>0x2435</run_address>
         <size>0xae</size>
         <input_file_ref idref="fl-c9"/>
      </object_component>
      <object_component id="oc-1db">
         <name>.debug_line</name>
         <load_address>0x24e3</load_address>
         <run_address>0x24e3</run_address>
         <size>0x1ac</size>
         <input_file_ref idref="fl-c9"/>
      </object_component>
      <object_component id="oc-159">
         <name>.debug_line</name>
         <load_address>0x268f</load_address>
         <run_address>0x268f</run_address>
         <size>0x76f</size>
         <input_file_ref idref="fl-c9"/>
      </object_component>
      <object_component id="oc-1f4">
         <name>.debug_line</name>
         <load_address>0x2dfe</load_address>
         <run_address>0x2dfe</run_address>
         <size>0x92</size>
         <input_file_ref idref="fl-c9"/>
      </object_component>
      <object_component id="oc-29a">
         <name>.debug_line</name>
         <load_address>0x2e90</load_address>
         <run_address>0x2e90</run_address>
         <size>0x92</size>
         <input_file_ref idref="fl-c9"/>
      </object_component>
      <object_component id="oc-2ea">
         <name>.debug_line</name>
         <load_address>0x2f22</load_address>
         <run_address>0x2f22</run_address>
         <size>0x9a</size>
         <input_file_ref idref="fl-c9"/>
      </object_component>
      <object_component id="oc-29f">
         <name>.debug_line</name>
         <load_address>0x2fbc</load_address>
         <run_address>0x2fbc</run_address>
         <size>0x97</size>
         <input_file_ref idref="fl-c9"/>
      </object_component>
      <object_component id="oc-1f9">
         <name>.debug_line</name>
         <load_address>0x3053</load_address>
         <run_address>0x3053</run_address>
         <size>0x2e</size>
         <input_file_ref idref="fl-c9"/>
      </object_component>
      <object_component id="oc-253">
         <name>.debug_line</name>
         <load_address>0x3081</load_address>
         <run_address>0x3081</run_address>
         <size>0xd2</size>
         <input_file_ref idref="fl-ca"/>
      </object_component>
      <object_component id="oc-1c4">
         <name>.debug_line</name>
         <load_address>0x3153</load_address>
         <run_address>0x3153</run_address>
         <size>0x77</size>
         <input_file_ref idref="fl-cb"/>
      </object_component>
      <object_component id="oc-23e">
         <name>.debug_line</name>
         <load_address>0x31ca</load_address>
         <run_address>0x31ca</run_address>
         <size>0x77</size>
         <input_file_ref idref="fl-cb"/>
      </object_component>
      <object_component id="oc-239">
         <name>.debug_line</name>
         <load_address>0x3241</load_address>
         <run_address>0x3241</run_address>
         <size>0xa8</size>
         <input_file_ref idref="fl-cc"/>
      </object_component>
      <object_component id="oc-234">
         <name>.debug_line</name>
         <load_address>0x32e9</load_address>
         <run_address>0x32e9</run_address>
         <size>0x8e</size>
         <input_file_ref idref="fl-cd"/>
      </object_component>
      <object_component id="oc-243">
         <name>.debug_line</name>
         <load_address>0x3377</load_address>
         <run_address>0x3377</run_address>
         <size>0x5a</size>
         <input_file_ref idref="fl-ce"/>
      </object_component>
      <object_component id="oc-24e">
         <name>.debug_line</name>
         <load_address>0x33d1</load_address>
         <run_address>0x33d1</run_address>
         <size>0x50</size>
         <input_file_ref idref="fl-cf"/>
      </object_component>
      <object_component id="oc-93">
         <name>.debug_line</name>
         <load_address>0x3421</load_address>
         <run_address>0x3421</run_address>
         <size>0x79</size>
         <input_file_ref idref="fl-d0"/>
      </object_component>
      <object_component id="oc-22d">
         <name>.debug_line</name>
         <load_address>0x349a</load_address>
         <run_address>0x349a</run_address>
         <size>0x81</size>
         <input_file_ref idref="fl-d1"/>
      </object_component>
      <object_component id="oc-210">
         <name>.debug_line</name>
         <load_address>0x351b</load_address>
         <run_address>0x351b</run_address>
         <size>0xbf</size>
         <input_file_ref idref="fl-d2"/>
      </object_component>
      <object_component id="oc-104">
         <name>.debug_line</name>
         <load_address>0x35da</load_address>
         <run_address>0x35da</run_address>
         <size>0x6f</size>
         <input_file_ref idref="fl-d2"/>
      </object_component>
      <object_component id="oc-214">
         <name>.debug_line</name>
         <load_address>0x3649</load_address>
         <run_address>0x3649</run_address>
         <size>0x2e</size>
         <input_file_ref idref="fl-d2"/>
      </object_component>
      <object_component id="oc-2a7">
         <name>.debug_line</name>
         <load_address>0x3677</load_address>
         <run_address>0x3677</run_address>
         <size>0x9a</size>
         <input_file_ref idref="fl-d2"/>
      </object_component>
      <object_component id="oc-219">
         <name>.debug_line</name>
         <load_address>0x3711</load_address>
         <run_address>0x3711</run_address>
         <size>0x97</size>
         <input_file_ref idref="fl-d2"/>
      </object_component>
      <object_component id="oc-21e">
         <name>.debug_line</name>
         <load_address>0x37a8</load_address>
         <run_address>0x37a8</run_address>
         <size>0x93</size>
         <input_file_ref idref="fl-d2"/>
      </object_component>
      <object_component id="oc-99">
         <name>.debug_line</name>
         <load_address>0x383b</load_address>
         <run_address>0x383b</run_address>
         <size>0x40</size>
         <input_file_ref idref="fl-d3"/>
      </object_component>
      <object_component id="oc-f8">
         <name>.debug_line</name>
         <load_address>0x387b</load_address>
         <run_address>0x387b</run_address>
         <size>0x3c</size>
         <input_file_ref idref="fl-d5"/>
      </object_component>
      <object_component id="oc-2f0">
         <name>.debug_line</name>
         <load_address>0x38b7</load_address>
         <run_address>0x38b7</run_address>
         <size>0x20</size>
         <input_file_ref idref="fl-d7"/>
      </object_component>
      <object_component id="oc-248">
         <name>.debug_line</name>
         <load_address>0x38d7</load_address>
         <run_address>0x38d7</run_address>
         <size>0x67</size>
         <input_file_ref idref="fl-d7"/>
      </object_component>
      <object_component id="oc-2b6">
         <name>.debug_line</name>
         <load_address>0x393e</load_address>
         <run_address>0x393e</run_address>
         <size>0x91</size>
         <input_file_ref idref="fl-d9"/>
      </object_component>
      <object_component id="oc-1b8">
         <name>.debug_line</name>
         <load_address>0x39cf</load_address>
         <run_address>0x39cf</run_address>
         <size>0x62</size>
         <input_file_ref idref="fl-d9"/>
      </object_component>
      <object_component id="oc-2ed">
         <name>.debug_line</name>
         <load_address>0x3a31</load_address>
         <run_address>0x3a31</run_address>
         <size>0x20</size>
         <input_file_ref idref="fl-da"/>
      </object_component>
      <object_component id="oc-2b3">
         <name>.debug_line</name>
         <load_address>0x3a51</load_address>
         <run_address>0x3a51</run_address>
         <size>0x2b</size>
         <input_file_ref idref="fl-da"/>
      </object_component>
      <object_component id="oc-2db">
         <name>.debug_line</name>
         <load_address>0x3a7c</load_address>
         <run_address>0x3a7c</run_address>
         <size>0x20</size>
         <input_file_ref idref="fl-db"/>
      </object_component>
      <object_component id="oc-1e1">
         <name>.debug_line</name>
         <load_address>0x3a9c</load_address>
         <run_address>0x3a9c</run_address>
         <size>0x48</size>
         <input_file_ref idref="fl-db"/>
      </object_component>
      <object_component id="oc-2fc">
         <name>.debug_line</name>
         <load_address>0x3ae4</load_address>
         <run_address>0x3ae4</run_address>
         <size>0x20</size>
         <input_file_ref idref="fl-dc"/>
      </object_component>
      <object_component id="oc-27f">
         <name>.debug_line</name>
         <load_address>0x3b04</load_address>
         <run_address>0x3b04</run_address>
         <size>0xb0</size>
         <input_file_ref idref="fl-dc"/>
      </object_component>
      <object_component id="oc-2b1">
         <name>.debug_line</name>
         <load_address>0x3bb4</load_address>
         <run_address>0x3bb4</run_address>
         <size>0x20</size>
         <input_file_ref idref="fl-dd"/>
      </object_component>
      <object_component id="oc-1b2">
         <name>.debug_line</name>
         <load_address>0x3bd4</load_address>
         <run_address>0x3bd4</run_address>
         <size>0xae</size>
         <input_file_ref idref="fl-dd"/>
      </object_component>
      <object_component id="oc-2e6">
         <name>.debug_line</name>
         <load_address>0x3c82</load_address>
         <run_address>0x3c82</run_address>
         <size>0x20</size>
         <input_file_ref idref="fl-de"/>
      </object_component>
      <object_component id="oc-2e4">
         <name>.debug_line</name>
         <load_address>0x3ca2</load_address>
         <run_address>0x3ca2</run_address>
         <size>0x2b</size>
         <input_file_ref idref="fl-de"/>
      </object_component>
      <object_component id="oc-1ed">
         <name>.debug_line</name>
         <load_address>0x3ccd</load_address>
         <run_address>0x3ccd</run_address>
         <size>0x40</size>
         <input_file_ref idref="fl-de"/>
      </object_component>
      <object_component id="oc-2e2">
         <name>.debug_line</name>
         <load_address>0x3d0d</load_address>
         <run_address>0x3d0d</run_address>
         <size>0x20</size>
         <input_file_ref idref="fl-df"/>
      </object_component>
      <object_component id="oc-1e7">
         <name>.debug_line</name>
         <load_address>0x3d2d</load_address>
         <run_address>0x3d2d</run_address>
         <size>0x45</size>
         <input_file_ref idref="fl-df"/>
      </object_component>
      <object_component id="oc-2df">
         <name>.debug_line</name>
         <load_address>0x3d72</load_address>
         <run_address>0x3d72</run_address>
         <size>0x9a</size>
         <input_file_ref idref="fl-df"/>
      </object_component>
      <object_component id="oc-288">
         <name>.debug_line</name>
         <load_address>0x3e0c</load_address>
         <run_address>0x3e0c</run_address>
         <size>0x91</size>
         <input_file_ref idref="fl-df"/>
      </object_component>
      <object_component id="oc-2f2">
         <name>.debug_line</name>
         <load_address>0x3e9d</load_address>
         <run_address>0x3e9d</run_address>
[...]
      </symbol>
      <symbol id="sm-158">
         <name>etherGetMacAddress</name>
         <value>0x12a7</value>
         <object_component_ref idref="oc-cf"/>
      </symbol>
      <symbol id="sm-159">
         <name>etherGetPacket</name>
         <value>0x6a3</value>
         <object_component_ref idref="oc-cf"/>
      </symbol>
      <symbol id="sm-15a">
         <name>etherSetIpAddress</name>
         <value>0x110f</value>
         <object_component_ref idref="oc-cf"/>
      </symbol>
      <symbol id="sm-15b">
         <name>etherSetMacAddress</name>
         <value>0x1265</value>
         <object_component_ref idref="oc-cf"/>
      </symbol>
      <symbol id="sm-15c">
         <name>etherSendArpRequest</name>
         <value>0xd31</value>
         <object_component_ref idref="oc-cf"/>
      </symbol>
      <symbol id="sm-15d">
         <name>etherIsDataAvailable</name>
         <value>0x659</value>
         <object_component_ref idref="oc-cf"/>
      </symbol>
      <symbol id="sm-15e">
         <name>etherIsArpRequest</name>
         <value>0xbc3</value>
         <object_component_ref idref="oc-cf"/>
      </symbol>
      <symbol id="sm-15f">
         <name>etherClearReg</name>
         <value>0x32b</value>
         <object_component_ref idref="oc-cf"/>
      </symbol>
      <symbol id="sm-160">
         <name>etherGetUdpData</name>
         <value>0xee7</value>
         <object_component_ref idref="oc-cf"/>
      </symbol>
      <symbol id="sm-161">
         <name>etherInit</name>
         <value>0x477</value>
         <object_component_ref idref="oc-cf"/>
      </symbol>
      <symbol id="sm-162">
         <name>nextPacketMsb</name>
         <value>0x20001007</value>
         <object_component_ref idref="oc-145"/>
      </symbol>
      <symbol id="sm-163">
         <name>etherWriteReg</name>
         <value>0x291</value>
         <object_component_ref idref="oc-cf"/>
      </symbol>
      <symbol id="sm-164">
         <name>etherSetBank</name>
         <value>0x35f</value>
         <object_component_ref idref="oc-cf"/>
      </symbol>
      <symbol id="sm-165">
         <name>etherIsUdp</name>
         <value>0xe3f</value>
         <object_component_ref idref="oc-cf"/>
      </symbol>
      <symbol id="sm-166">
         <name>etherWriteMem</name>
         <value>0x431</value>
         <object_component_ref idref="oc-cf"/>
      </symbol>
      <symbol id="sm-167">
         <name>etherSetReg</name>
         <value>0x2f7</value>
         <object_component_ref idref="oc-cf"/>
      </symbol>
      <symbol id="sm-168">
         <name>etherGetIpGatewayAddress</name>
         <value>0x122b</value>
         <object_component_ref idref="oc-cf"/>
      </symbol>
      <symbol id="sm-169">
         <name>etherSetIpGatewayAddress</name>
         <value>0x11f3</value>
         <object_component_ref idref="oc-cf"/>
      </symbol>
      <symbol id="sm-16a">
         <name>macAddress</name>
         <value>0x20001000</value>
         <object_component_ref idref="oc-142"/>
      </symbol>
      <symbol id="sm-16b">
         <name>etherSumWords</name>
         <value>0x87b</value>
         <object_component_ref idref="oc-cf"/>
      </symbol>
      <symbol id="sm-16c">
         <name>etherIsPingRequest</name>
         <value>0xa6f</value>
         <object_component_ref idref="oc-cf"/>
      </symbol>
      <symbol id="sm-16d">
         <name>etherIsIp</name>
         <value>0x999</value>
         <object_component_ref idref="oc-cf"/>
      </symbol>
      <symbol id="sm-16e">
         <name>ipAddress</name>
         <value>0x2000100a</value>
         <object_component_ref idref="oc-148"/>
      </symbol>
      <symbol id="sm-16f">
         <name>etherSendPingResponse</name>
         <value>0xab3</value>
         <object_component_ref idref="oc-cf"/>
      </symbol>
      <symbol id="sm-170">
         <name>nextPacketLsb</name>
         <value>0x20001006</value>
         <object_component_ref idref="oc-145"/>
      </symbol>
      <symbol id="sm-171">
         <name>etherGetId</name>
         <value>0x10b5</value>
         <object_component_ref idref="oc-cf"/>
      </symbol>
      <symbol id="sm-172">
         <name>etherReadPhy</name>
         <value>0x3b3</value>
         <object_component_ref idref="oc-cf"/>
      </symbol>
      <symbol id="sm-173">
         <name>etherCalcIpChecksum</name>
         <value>0x93d</value>
         <object_component_ref idref="oc-cf"/>
      </symbol>
      <symbol id="sm-174">
         <name>etherEnableDhcpMode</name>
         <value>0x10cb</value>
         <object_component_ref idref="oc-cf"/>
      </symbol>
      <symbol id="sm-175">
         <name>etherCsOn</name>
         <value>0x26d</value>
         <object_component_ref idref="oc-cf"/>
      </symbol>
      <symbol id="sm-176">
         <name>etherWriteMemStart</name>
         <value>0x41f</value>
         <object_component_ref idref="oc-cf"/>
      </symbol>
      <symbol id="sm-177">
         <name>etherPutPacket</name>
         <value>0x795</value>
         <object_component_ref idref="oc-cf"/>
      </symbol>
      <symbol id="sm-178">
         <name>sequenceId</name>
         <value>0x20001008</value>
         <object_component_ref idref="oc-145"/>
      </symbol>
      <symbol id="sm-1bc">
         <name>initHw</name>
         <value>0x2541</value>
         <object_component_ref idref="oc-9b"/>
      </symbol>
      <symbol id="sm-1bd">
         <name>displayConnectionInfo</name>
         <value>0x2575</value>
         <object_component_ref idref="oc-9b"/>
      </symbol>
      <symbol id="sm-1be">
         <name>main</name>
         <value>0x26ff</value>
         <object_component_ref idref="oc-9b"/>
      </symbol>
      <symbol id="sm-232">
         <name>selectPinInterruptBothEdges</name>
         <value>0x22c3</value>
         <object_component_ref idref="oc-c9"/>
      </symbol>
      <symbol id="sm-233">
         <name>getPortValue</name>
         <value>0x24b1</value>
         <object_component_ref idref="oc-c9"/>
      </symbol>
      <symbol id="sm-234">
         <name>selectPinAnalogInput</name>
         <value>0x1fa7</value>
         <object_component_ref idref="oc-c9"/>
      </symbol>
      <symbol id="sm-235">
         <name>selectPinPushPullOutput</name>
         <value>0x1ebd</value>
         <object_component_ref idref="oc-c9"/>
      </symbol>
      <symbol id="sm-236">
         <name>selectPinInterruptHighLevel</name>
         <value>0x2319</value>
         <object_component_ref idref="oc-c9"/>
      </symbol>
      <symbol id="sm-237">
         <name>selectPinInterruptFallingEdge</name>
         <value>0x2273</value>
         <object_component_ref idref="oc-c9"/>
      </symbol>
      <symbol id="sm-238">
         <name>selectPinOpenDrainOutput</name>
         <value>0x1f0b</value>
         <object_component_ref idref="oc-c9"/>
      </symbol>
      <symbol id="sm-239">
         <name>selectPinInterruptLowLevel</name>
         <value>0x2353</value>
         <object_component_ref idref="oc-c9"/>
      </symbol>
      <symbol id="sm-23a">
         <name>setPortValue</name>
         <value>0x242d</value>
         <object_component_ref idref="oc-c9"/>
      </symbol>
      <symbol id="sm-23b">
         <name>enablePinInterrupt</name>
         <value>0x238d</value>
         <object_component_ref idref="oc-c9"/>
      </symbol>
      <symbol id="sm-23c">
         <name>setPinAuxFunction</name>
         <value>0x2111</value>
         <object_component_ref idref="oc-c9"/>
      </symbol>
      <symbol id="sm-23d">
         <name>enablePort</name>
         <value>0x1d81</value>
         <object_component_ref idref="oc-c9"/>
      </symbol>
      <symbol id="sm-23e">
         <name>disablePinPulldown</name>
         <value>0x20e9</value>
         <object_component_ref idref="oc-c9"/>
      </symbol>
      <symbol id="sm-23f">
         <name>setPinCommitControl</name>
         <value>0x1ff7</value>
         <object_component_ref idref="oc-c9"/>
      </symbol>
      <symbol id="sm-240">
         <name>disablePort</name>
         <value>0x1e3d</value>
         <object_component_ref idref="oc-c9"/>
      </symbol>
      <symbol id="sm-241">
         <name>disablePinInterrupt</name>
         <value>0x23b1</value>
         <object_component_ref idref="oc-c9"/>
      </symbol>
      <symbol id="sm-242">
         <name>enablePinPullup</name>
         <value>0x2073</value>
         <object_component_ref idref="oc-c9"/>
      </symbol>
      <symbol id="sm-243">
         <name>getPinValue</name>
         <value>0x23fb</value>
         <object_component_ref idref="oc-c9"/>
      </symbol>
      <symbol id="sm-244">
         <name>enablePinPulldown</name>
         <value>0x20c5</value>
         <object_component_ref idref="oc-c9"/>
      </symbol>
      <symbol id="sm-245">
         <name>disablePinPullup</name>
         <value>0x20a1</value>
         <object_component_ref idref="oc-c9"/>
      </symbol>
      <symbol id="sm-246">
         <name>selectPinDigitalInput</name>
         <value>0x1f59</value>
         <object_component_ref idref="oc-c9"/>
      </symbol>
      <symbol id="sm-247">
         <name>selectPinInterruptRisingEdge</name>
         <value>0x2223</value>
         <object_component_ref idref="oc-c9"/>
      </symbol>
      <symbol id="sm-248">
         <name>setPinValue</name>
         <value>0x23d5</value>
         <object_component_ref idref="oc-c9"/>
      </symbol>
      <symbol id="sm-264">
         <name>setSpi0Mode</name>
         <value>0x2f93</value>
         <object_component_ref idref="oc-13c"/>
      </symbol>
      <symbol id="sm-265">
         <name>readSpi0Data</name>
         <value>0x2ff9</value>
         <object_component_ref idref="oc-13c"/>
      </symbol>
      <symbol id="sm-266">
         <name>writeSpi0Data</name>
         <value>0x2fe1</value>
         <object_component_ref idref="oc-13c"/>
      </symbol>
      <symbol id="sm-267">
         <name>initSpi0</name>
         <value>0x2ec1</value>
         <object_component_ref idref="oc-13c"/>
      </symbol>
      <symbol id="sm-268">
         <name>setSpi0BaudRate</name>
         <value>0x2f5d</value>
         <object_component_ref idref="oc-13c"/>
      </symbol>
      <symbol id="sm-284">
         <name>ResetISR</name>
         <value>0x3f27</value>
         <object_component_ref idref="oc-27"/>
      </symbol>
      <symbol id="sm-285">
         <name>g_pfnVectors</name>
         <value>0x0</value>
         <object_component_ref idref="oc-12"/>
      </symbol>
      <symbol id="sm-2a8">
         <name>getcUart0</name>
         <value>0x348b</value>
         <object_component_ref idref="oc-d5"/>
      </symbol>
      <symbol id="sm-2a9">
         <name>kbhitUart0</name>
         <value>0x349f</value>
         <object_component_ref idref="oc-d5"/>
      </symbol>
      <symbol id="sm-2aa">
         <name>setUart0BaudRate</name>
         <value>0x3403</value>
         <object_component_ref idref="oc-d5"/>
      </symbol>
      <symbol id="sm-2ab">
         <name>putsUart0</name>
         <value>0x345f</value>
         <object_component_ref idref="oc-d5"/>
      </symbol>
      <symbol id="sm-2ac">
         <name>initUart0</name>
         <value>0x33b9</value>
         <object_component_ref idref="oc-d5"/>
      </symbol>
      <symbol id="sm-2ad">
         <name>putcUart0</name>
         <value>0x3443</value>
         <object_component_ref idref="oc-d5"/>
      </symbol>
      <symbol id="sm-2bb">
         <name>waitMicrosecond</name>
         <value>0x3e43</value>
         <object_component_ref idref="oc-e1"/>
      </symbol>
      <symbol id="sm-2e2">
         <name>sprintf</name>
         <value>0x3d61</value>
         <object_component_ref idref="oc-db"/>
      </symbol>
      <symbol id="sm-2fd">
         <name>memcpy</name>
         <value>0x379b</value>
         <object_component_ref idref="oc-3b"/>
      </symbol>
      <symbol id="sm-2fe">
         <name>__aeabi_memcpy</name>
         <value>0x379b</value>
         <object_component_ref idref="oc-3b"/>
      </symbol>
      <symbol id="sm-2ff">
         <name>__aeabi_memcpy8</name>
         <value>0x379b</value>
         <object_component_ref idref="oc-3b"/>
      </symbol>
      <symbol id="sm-300">
         <name>__aeabi_memcpy4</name>
         <value>0x379b</value>
         <object_component_ref idref="oc-3b"/>
      </symbol>
      <symbol id="sm-31d">
         <name>__TI_decompress_none</name>
         <value>0x3f19</value>
         <object_component_ref idref="oc-1b"/>
      </symbol>
      <symbol id="sm-340">
         <name>__TI_decompress_lzss</name>
         <value>0x3ac1</value>
         <object_component_ref idref="oc-15"/>
      </symbol>
      <symbol id="sm-34f">
         <name>strcmp</name>
         <value>0x3eb5</value>
         <object_component_ref idref="oc-e7"/>
      </symbol>
      <symbol id="sm-362">
         <name>__stack</name>
         <value>0x20000000</value>
         <object_component_ref idref="oc-24"/>
      </symbol>
      <symbol id="sm-363">
         <name>_c_int00_noargs</name>
         <value>0x3de1</value>
         <object_component_ref idref="oc-59"/>
      </symbol>
      <symbol id="sm-4c8">
         <name>__TI_printfi</name>
         <value>0x1331</value>
         <object_component_ref idref="oc-155"/>
      </symbol>
      <symbol id="sm-4df">
         <name>__aeabi_dsub</name>
         <value>0x2d09</value>
         <object_component_ref idref="oc-24f"/>
      </symbol>
      <symbol id="sm-4e0">
         <name>__aeabi_dadd</name>
         <value>0x2d13</value>
         <object_component_ref idref="oc-24f"/>
      </symbol>
      <symbol id="sm-502">
         <name>__aeabi_cdcmpeq</name>
         <value>0x38cd</value>
         <object_component_ref idref="oc-1c0"/>
      </symbol>
      <symbol id="sm-503">
         <name>__aeabi_cdcmple</name>
         <value>0x38cd</value>
         <object_component_ref idref="oc-1c0"/>
      </symbol>
      <symbol id="sm-504">
         <name>__aeabi_cdrcmple</name>
         <value>0x3953</value>
         <object_component_ref idref="oc-23a"/>
      </symbol>
      <symbol id="sm-518">
         <name>__aeabi_ddiv</name>
         <value>0x315d</value>
         <object_component_ref idref="oc-235"/>
      </symbol>
      <symbol id="sm-523">
         <name>__aeabi_dmul</name>
         <value>0x35ed</value>
         <object_component_ref idref="oc-230"/>
      </symbol>
      <symbol id="sm-52d">
         <name>__aeabi_d2iz</name>
         <value>0x3cd5</value>
         <object_component_ref idref="oc-23f"/>
      </symbol>
      <symbol id="sm-537">
         <name>__aeabi_i2d</name>
         <value>0x3e15</value>
         <object_component_ref idref="oc-24a"/>
      </symbol>
      <symbol id="sm-546">
         <name>__aeabi_memset</name>
         <value>0x39db</value>
         <object_component_ref idref="oc-8f"/>
      </symbol>
      <symbol id="sm-547">
         <name>memset</name>
         <value>0x39e1</value>
         <object_component_ref idref="oc-8f"/>
      </symbol>
      <symbol id="sm-548">
         <name>__aeabi_memset8</name>
         <value>0x39db</value>
         <object_component_ref idref="oc-8f"/>
      </symbol>
      <symbol id="sm-549">
         <name>__aeabi_memset4</name>
         <value>0x39db</value>
         <object_component_ref idref="oc-8f"/>
      </symbol>
      <symbol id="sm-54a">
         <name>__aeabi_memclr8</name>
         <value>0x39d9</value>
         <object_component_ref idref="oc-8f"/>
      </symbol>
      <symbol id="sm-54b">
         <name>__aeabi_memclr4</name>
         <value>0x39d9</value>
         <object_component_ref idref="oc-8f"/>
      </symbol>
      <symbol id="sm-54c">
         <name>__aeabi_memclr</name>
         <value>0x39d9</value>
         <object_component_ref idref="oc-8f"/>
      </symbol>
      <symbol id="sm-559">
         <name>__aeabi_uldivmod</name>
         <value>0x3837</value>
         <object_component_ref idref="oc-229"/>
      </symbol>
      <symbol id="sm-581">
         <name>__TI_auto_init_nobinit_nopinit</name>
         <value>0x3d1d</value>
         <object_component_ref idref="oc-100"/>
      </symbol>
      <symbol id="sm-58b">
         <name>_system_pre_init</name>
         <value>0x3f45</value>
         <object_component_ref idref="oc-95"/>
      </symbol>
      <symbol id="sm-597">
         <name>C$$EXIT</name>
         <value>0x3f49</value>
         <object_component_ref idref="oc-f4"/>
      </symbol>
      <symbol id="sm-598">
         <name>abort</name>
         <value>0x3f49</value>
         <object_component_ref idref="oc-f4"/>
      </symbol>
      <symbol id="sm-5a8">
         <name>__TI_ltoa</name>
         <value>0x3be3</value>
         <object_component_ref idref="oc-244"/>
      </symbol>
      <symbol id="sm-5bf">
         <name>atoi</name>
         <value>0x3c89</value>
         <object_component_ref idref="oc-1b4"/>
      </symbol>
      <symbol id="sm-5ca">
         <name>_ctypes_</name>
         <value>0x3f4c</value>
         <object_component_ref idref="oc-224"/>
      </symbol>
      <symbol id="sm-5da">
         <name>memccpy</name>
         <value>0x3e67</value>
         <object_component_ref idref="oc-1dd"/>
      </symbol>
      <symbol id="sm-5ea">
         <name>strchr</name>
         <value>0x3ecd</value>
         <object_component_ref idref="oc-27b"/>
      </symbol>
      <symbol id="sm-5f8">
         <name>strlen</name>
         <value>0x3ee3</value>
         <object_component_ref idref="oc-1ae"/>
      </symbol>
      <symbol id="sm-60e">
         <name>__aeabi_errno_addr</name>
         <value>0x3f3d</value>
         <object_component_ref idref="oc-1e9"/>
      </symbol>
      <symbol id="sm-60f">
         <name>errno</name>
         <value>0x20001018</value>
         <object_component_ref idref="oc-28b"/>
      </symbol>
      <symbol id="sm-628">
         <name>wcslen</name>
         <value>0x3ef7</value>
         <object_component_ref idref="oc-1e3"/>
      </symbol>
      <symbol id="sm-648">
         <name>frexpl</name>
         <value>0x3b29</value>
         <object_component_ref idref="oc-26f"/>
      </symbol>
      <symbol id="sm-649">
         <name>frexp</name>
         <value>0x3b29</value>
         <object_component_ref idref="oc-26f"/>
      </symbol>
      <symbol id="sm-666">
         <name>scalbn</name>
         <value>0x34dd</value>
         <object_component_ref idref="oc-275"/>
      </symbol>
      <symbol id="sm-667">
         <name>scalbnl</name>
         <value>0x34dd</value>
         <object_component_ref idref="oc-275"/>
      </symbol>
      <symbol id="sm-668">
         <name>ldexpl</name>
         <value>0x34dd</value>
         <object_component_ref idref="oc-275"/>
      </symbol>
      <symbol id="sm-669">
         <name>ldexp</name>
         <value>0x34dd</value>
         <object_component_ref idref="oc-275"/>
      </symbol>
      <symbol id="sm-673">
         <name>__aeabi_idiv0</name>
         <value>0x1d7f</value>
         <object_component_ref idref="oc-2b7"/>
      </symbol>
      <symbol id="sm-674">
         <name>__aeabi_ldiv0</name>
         <value>0x1d7f</value>
         <object_component_ref idref="oc-2b7"/>
      </symbol>
      <symbol id="sm-67e">
         <name>copysign</name>
         <value>0x3e83</value>
         <object_component_ref idref="oc-2d0"/>
      </symbol>
      <symbol id="sm-67f">
         <name>copysignl</name>
         <value>0x3e83</value>
         <object_component_ref idref="oc-2d0"/>
      </symbol>
      <symbol id="sm-680">
         <name>__TI_static_base__</name>
         <value>0x0</value>
      </symbol>
      <symbol id="sm-683">
         <name>__mpu_init</name>
         <value>0x0</value>
      </symbol>
      <symbol id="sm-684">
         <name>_system_post_cinit</name>
         <value>0x0</value>
      </symbol>
   </symbol_table>
   <title>Link successful</title>
</link_info>
